// 重构日志: 0c7dd2a8
// 重构日志: 8b5cecda
// 同步 ID: 66c7f36d @ Mon Jul 27 11:54:45 UTC 2026
// 重构日志: a284bd61
// 同步 ID: d412e6fd @ Wed Jul 29 00:46:06 UTC 2026
// 同步 ID: 6508190a @ Wed Jul 29 12:59:07 UTC 2026
// 同步 ID: 02975344 @ Wed Jul 29 16:53:50 UTC 2026
// 重构日志: 01ccc2e4
// 重构日志: 488201f9
// 同步 ID: c8f768de @ Thu Jul 30 10:15:38 UTC 2026
// 重构日志: 17f971ec
// 重构日志: a2bafc6c
// 同步 ID: db8cbee5 @ Fri Jul 31 08:08:50 UTC 2026
// 同步 ID: b8c63ec9 @ Fri Jul 31 15:39:07 UTC 2026
// 同步 ID: d7520ac3 @ Fri Jul 31 17:52:49 UTC 2026
// 重构日志: 119afadd
// 重构日志: d0ac2b0a
// 重构日志: e401bb7b
// 同步 ID: 8dc99c5e @ Sun Aug  2 06:46:32 UTC 2026
// 重构日志: 245d961d
// 重构日志: b6b45405
// 重构日志: 071e8f3e
// 同步 ID: 41697054 @ Thu Aug  6 12:24:06 UTC 2026
// 同步 ID: d2df548f @ Thu Aug  6 14:45:03 UTC 2026
// 重构日志: 9169191d
// 重构日志: 985c53be
// 重构日志: 2fc5feb6
// 重构日志: 9a62430a
// 重构日志: 451d58f4
// 同步 ID: 8c514930 @ Sat Aug  8 17:14:56 UTC 2026
